[after] 1/43 01-wizard-step1: 2092 ch (24s) ISSUES
[after] 2/43 02-wizard-step2-scrolled: 1702 ch (22s) ISSUES
[after] 3/43 02-wizard-step2: 2002 ch (61s) ISSUES
[after] 4/43 03-main-default: 1202 ch (24s) ISSUES
[after] 5/43 04-toolbar-hover-tape: 1413 ch (18s) ISSUES
[after] 6/43 05-sidebar-all-expanded: 1926 ch (18s) ISSUES
[after] 7/43 05b-sidebar-hover-item: 1943 ch (13s) ISSUES
[after] 8/43 06-toolbar-tape: 2398 ch (19s) ISSUES
[after] 9/43 07-toolbar-terrain: 1359 ch (26s) ISSUES
[after] 10/43 08-toolbar-excavate: 2565 ch (19s) ISSUES
[after] 11/43 09-toolbar-analyze: 2401 ch (21s) ISSUES
[after] 12/43 10-toolbar-innovate: 2798 ch (45s) ISSUES
[after] 13/43 11-toolbar-sun: 1822 ch (18s) ISSUES
[after] 14/43 d-terrain: 2119 ch (25s) ISSUES
[after] 15/43 d-underground: 2363 ch (13s) ISSUES
[after] 16/43 m-command-palette: 1520 ch (37s) ISSUES
[after] 17/43 m-gallery: 2126 ch (41s) ISSUES
[after] 18/43 m-help-bottom: 1897 ch (32s) ISSUES
[after] 19/43 m-help: 1607 ch (24s) ISSUES
[after] 20/43 m-label-edit: 1768 ch (11s) ISSUES
[after] 21/43 m-share: 1734 ch (31s) ISSUES
[after] 22/43 m-shortcuts-f1: 2582 ch (63s) ISSUES
[after] 23/43 m-shortcuts: 1789 ch (30s) ISSUES
[after] 24/43 m-templates: 1225 ch (53s) ISSUES
[after] 25/43 o-depth-gauge: 1936 ch (25s) ISSUES
[after] 26/43 o-grid-level-badge: 1957 ch (45s) ISSUES
[after] 27/43 o-walk-mode: 1948 ch (18s) ISSUES
[after] 28/43 p-cost: 2299 ch (40s) ISSUES
[after] 29/43 p-cross-section: 2576 ch (18s) ISSUES
[after] 30/43 p-cut-fill: 2063 ch (28s) ISSUES
[after] 31/43 p-excavate: 2385 ch (25s) ISSUES
[after] 32/43 p-growth: 1599 ch (29s) ISSUES
[after] 33/43 p-innovation: 2869 ch (37s) ISSUES
[after] 34/43 p-layer: 1634 ch (23s) ISSUES
[after] 35/43 p-permit: 1548 ch (16s) ISSUES
[after] 36/43 p-season: 2024 ch (70s) ISSUES
[after] 37/43 p-sun: 1706 ch (15s) ISSUES
[after] 38/43 p-terrain-analysis: 2419 ch (21s) ISSUES
[after] 39/43 p-terrain-controls: 2334 ch (31s) ISSUES
[after] 40/43 s-context-hint: 1811 ch (21s) ISSUES
[after] 41/43 s-status-bar: 1793 ch (33s) ISSUES
[after] 42/43 t-toast: 2523 ch (31s) ISSUES
[after] 43/43 x-print: 2034 ch (26s) ISSUES
DONE after: 0/43 CLEAN
