[before] 1/43 01-wizard-step1: 2515 ch (69s) ISSUES
[before] 2/43 02-wizard-step2-scrolled: 1929 ch (16s) ISSUES
[before] 3/43 02-wizard-step2: 2932 ch (63s) ISSUES
[before] 4/43 03-main-default: 1670 ch (20s) ISSUES
[before] 5/43 04-toolbar-hover-tape: 1762 ch (22s) ISSUES
[before] 6/43 05-sidebar-all-expanded: 2026 ch (42s) ISSUES
[before] 7/43 05b-sidebar-hover-item: 1808 ch (25s) ISSUES
[before] 8/43 06-toolbar-tape: 2030 ch (15s) ISSUES
[before] 9/43 07-toolbar-terrain: 2395 ch (18s) ISSUES
[before] 10/43 08-toolbar-excavate: 2197 ch (28s) ISSUES
[before] 11/43 09-toolbar-analyze: 2638 ch (21s) ISSUES
[before] 12/43 10-toolbar-innovate: 1971 ch (22s) ISSUES
[before] 13/43 11-toolbar-sun: 2153 ch (12s) ISSUES
[before] 14/43 d-terrain: 1711 ch (20s) ISSUES
[before] 15/43 d-underground: 2238 ch (29s) ISSUES
[before] 16/43 m-command-palette: 2249 ch (34s) ISSUES
[before] 17/43 m-gallery: 2159 ch (23s) ISSUES
[before] 18/43 m-help-bottom: 2210 ch (15s) ISSUES
[before] 19/43 m-help: 2117 ch (21s) ISSUES
[before] 20/43 m-label-edit: 2081 ch (30s) ISSUES
[before] 21/43 m-share: 2344 ch (43s) ISSUES
[before] 22/43 m-shortcuts-f1: 2109 ch (53s) ISSUES
[before] 23/43 m-shortcuts: 2340 ch (46s) ISSUES
[before] 24/43 m-templates: 1721 ch (14s) ISSUES
[before] 25/43 o-depth-gauge: 1536 ch (11s) ISSUES
[before] 26/43 o-grid-level-badge: 1748 ch (19s) ISSUES
[before] 27/43 o-walk-mode: 2259 ch (26s) ISSUES
[before] 28/43 p-cost: 2193 ch (12s) ISSUES
[before] 29/43 p-cross-section: 1613 ch (13s) ISSUES
[before] 30/43 p-cut-fill: 1651 ch (47s) ISSUES
[before] 31/43 p-excavate: 2490 ch (24s) ISSUES
[before] 32/43 p-growth: 1782 ch (39s) ISSUES
[before] 33/43 p-innovation: 2101 ch (32s) ISSUES
[before] 34/43 p-layer: 2224 ch (24s) ISSUES
[before] 35/43 p-permit: 1854 ch (55s) ISSUES
[before] 36/43 p-season: 2048 ch (57s) ISSUES
[before] 37/43 p-sun: 1974 ch (31s) ISSUES
[before] 38/43 p-terrain-analysis: 2049 ch (26s) ISSUES
[before] 39/43 p-terrain-controls: 2717 ch (40s) ISSUES
[before] 40/43 s-context-hint: 1866 ch (24s) ISSUES
[before] 41/43 s-status-bar: 1755 ch (23s) ISSUES
[before] 42/43 t-toast: 1549 ch (30s) ISSUES
[before] 43/43 x-print: 1803 ch (24s) ISSUES
DONE before: 0/43 CLEAN
